
========================================
   🚍 TRANSPORT DELAY TRACKER 🚊
========================================
   Date: 2025-11-05
   Time: 08:04:20
========================================

[2025-11-05 08:04:20] [INFO] Starting Transport Delay Tracker Pipeline

━━━━━━━━━━━━━━━━━━━━━━━━━━━━━━━━━━━━━━━━
STEP 1: Data Ingestion
━━━━━━━━━━━━━━━━━━━━━━━━━━━━━━━━━━━━━━━━
[2025-11-05 08:04:20] [INFO] ========== Starting Data Ingestion ==========
[2025-11-05 08:04:20] [INFO] Step 1: Reading timetable
[2025-11-05 08:04:20] [INFO] Reading timetable from /home/siri15/transport-delay-tracker/data/timetables/schedule.csv
[2025-11-05 08:04:20] [INFO] Timetable processing complete
[2025-11-05 08:04:20] [INFO] Step 2: Fetching live delay data
[2025-11-05 08:04:20] [INFO] Fetching live delay data from API
[2025-11-05 08:04:20] [WARN] Using simulated data (no real API configured)
[2025-11-05 08:04:20] [INFO] Live data saved to /home/siri15/transport-delay-tracker/data/live_feeds/live_data_20251105_080420.json
[2025-11-05 08:04:20] [INFO] Step 3: Parsing live data
[2025-11-05 08:04:20] [INFO] Parsing live data from /home/siri15/transport-delay-tracker/data/live_feeds/live_data_20251105_080420.json
[2025-11-05 08:04:20] [INFO] Parsed 15 records from live data
[2025-11-05 08:04:20] [INFO] Step 4: Validating parsed data
[2025-11-05 08:04:20] [INFO] All parsed data records are valid
[2025-11-05 08:04:20] [INFO] Step 5: Cleaning up old data files
[2025-11-05 08:04:20] [INFO] Cleaning up data files older than 7 days
[2025-11-05 08:04:20] [INFO] Cleanup complete
[2025-11-05 08:04:20] [INFO] ========== Data Ingestion Complete ==========
[2025-11-05 08:04:20] [INFO] Parsed data available at: /home/siri15/transport-delay-tracker/data/processed/live_data_parsed.txt
✅ Data ingestion complete

━━━━━━━━━━━━━━━━━━━━━━━━━━━━━━━━━━━━━━━━
STEP 2: Delay Calculation
━━━━━━━━━━━━━━━━━━━━━━━━━━━━━━━━━━━━━━━━
[2025-11-05 08:04:20] [INFO] ========== Starting Delay Calculation ==========
[2025-11-05 08:04:20] [INFO] Calculating delays
[2025-11-05 08:04:20] [INFO] Delay calculation complete. Processed 15 records
[2025-11-05 08:04:20] [INFO] Results saved to: /home/siri15/transport-delay-tracker/data/processed/delays_calculated_2025-11-05.csv
[2025-11-05 08:04:20] [INFO] Statistics calculated: 86.67% on-time, avg delay 3.40 min
[2025-11-05 08:04:20] [INFO] Identifying heavily delayed routes (>15 minutes)
[2025-11-05 08:04:20] [INFO] Found 2 heavily delayed vehicles
[2025-11-05 08:04:20] [INFO] ========== Delay Calculation Complete ==========
✅ Delay calculation complete

━━━━━━━━━━━━━━━━━━━━━━━━━━━━━━━━━━━━━━━━
STEP 3: Report Generation
━━━━━━━━━━━━━━━━━━━━━━━━━━━━━━━━━━━━━━━━
[2025-11-05 08:04:20] [INFO] ========== Starting Report Generation ==========
[2025-11-05 08:04:20] [INFO] Generating CSV report
[2025-11-05 08:04:20] [INFO] CSV report generated: /home/siri15/transport-delay-tracker/reports/daily/report_2025-11-05.csv
[2025-11-05 08:04:20] [INFO] Generating HTML report with charts
[2025-11-05 08:04:21] [INFO] HTML report with charts generated: /home/siri15/transport-delay-tracker/reports/daily/report_2025-11-05.html
[2025-11-05 08:04:21] [INFO] Generating PDF report...
[2025-11-05 08:04:21] [INFO] ========== Starting Report Generation ==========
/home/siri15/transport-delay-tracker/scripts/generate_pdf.sh: line 92: generate_csv_report: command not found
[2025-11-05 08:04:21] [ERROR] CSV report generation failed
[2025-11-05 08:04:21] [WARN] PDF generation failed, but CSV and HTML are available
[2025-11-05 08:04:21] [INFO] ========== Report Generation Complete ==========
✅ Report generation complete

━━━━━━━━━━━━━━━━━━━━━━━━━━━━━━━━━━━━━━━━
STEP 4: Alert Checks
━━━━━━━━━━━━━━━━━━━━━━━━━━━━━━━━━━━━━━━━
[2025-11-05 08:04:21] [INFO] ========== Starting Alert Check ==========
[2025-11-05 08:04:21] [INFO] Alert Summary:
[2025-11-05 08:04:21] [ALERT] [MAJOR] Route_101 - BUS_002 at Market Square: 17 min delay
[2025-11-05 08:04:21] [ALERT] [MAJOR] Route_101 - BUS_002 at University: 19 min delay
[2025-11-05 08:04:21] [INFO] Checking for critical delays
[2025-11-05 08:04:21] [ALERT] Found 00 critical and 2 major delays
[2025-11-05 08:04:21] [INFO] Preparing email alert for your-email@example.com
[2025-11-05 08:04:21] [WARN] mailx not installed. Email not sent. Install with: sudo apt-get install mailutils
[2025-11-05 08:04:21] [INFO] Alert would contain:
[2025-11-05 08:04:21] [INFO] Subject: 🚨 Transport Delay Alert - 2025-11-05
[2025-11-05 08:04:21] [INFO] ========== Alert Check Complete ==========
✅ Alert check complete

━━━━━━━━━━━━━━━━━━━━━━━━━━━━━━━━━━━━━━━━
STEP 5: Maintenance
━━━━━━━━━━━━━━━━━━━━━━━━━━━━━━━━━━━━━━━━
[2025-11-05 08:04:21] [INFO] Rotating logs older than 30 days
✅ Maintenance complete

[2025-11-05 08:04:21] [INFO] Pipeline execution complete!


========================================
   📊 EXECUTION SUMMARY
========================================

Generated Files:
----------------
✓ Delay data: 15 records
✓ CSV Report: /home/siri15/transport-delay-tracker/reports/daily/report_2025-11-05.csv
✓ HTML Report: /home/siri15/transport-delay-tracker/reports/daily/report_2025-11-05.html
✗ PDF Report: Not generated

Statistics:
-----------
Total Vehicles: 15
On-Time Vehicles: 13
On-Time Percentage: 86.67%
Average Delay: 3.40 minutes
Maximum Delay: 19 minutes

⚠️  Alerts: 2 heavily delayed vehicles

========================================


========================================
   🚍 TRANSPORT DELAY TRACKER 🚊
========================================
   Date: 2025-11-05
   Time: 08:13:40
========================================

[2025-11-05 08:13:40] [INFO] Starting Transport Delay Tracker Pipeline

━━━━━━━━━━━━━━━━━━━━━━━━━━━━━━━━━━━━━━━━
STEP 1: Data Ingestion
━━━━━━━━━━━━━━━━━━━━━━━━━━━━━━━━━━━━━━━━
[2025-11-05 08:13:40] [INFO] ========== Starting Data Ingestion ==========
[2025-11-05 08:13:40] [INFO] Step 1: Reading timetable
[2025-11-05 08:13:40] [INFO] Reading timetable from /home/siri15/transport-delay-tracker/data/timetables/schedule.csv
[2025-11-05 08:13:40] [INFO] Timetable processing complete
[2025-11-05 08:13:40] [INFO] Step 2: Fetching live delay data
[2025-11-05 08:13:40] [INFO] Fetching live delay data from API
[2025-11-05 08:13:40] [WARN] Using simulated data (no real API configured)
[2025-11-05 08:13:40] [INFO] Live data saved to /home/siri15/transport-delay-tracker/data/live_feeds/live_data_20251105_081340.json
[2025-11-05 08:13:40] [INFO] Step 3: Parsing live data
[2025-11-05 08:13:40] [INFO] Parsing live data from /home/siri15/transport-delay-tracker/data/live_feeds/live_data_20251105_081340.json
[2025-11-05 08:13:40] [INFO] Parsed 15 records from live data
[2025-11-05 08:13:40] [INFO] Step 4: Validating parsed data
[2025-11-05 08:13:40] [INFO] All parsed data records are valid
[2025-11-05 08:13:40] [INFO] Step 5: Cleaning up old data files
[2025-11-05 08:13:40] [INFO] Cleaning up data files older than 7 days
[2025-11-05 08:13:40] [INFO] Cleanup complete
[2025-11-05 08:13:40] [INFO] ========== Data Ingestion Complete ==========
[2025-11-05 08:13:40] [INFO] Parsed data available at: /home/siri15/transport-delay-tracker/data/processed/live_data_parsed.txt
✅ Data ingestion complete

━━━━━━━━━━━━━━━━━━━━━━━━━━━━━━━━━━━━━━━━
STEP 2: Delay Calculation
━━━━━━━━━━━━━━━━━━━━━━━━━━━━━━━━━━━━━━━━
[2025-11-05 08:13:40] [INFO] ========== Starting Delay Calculation ==========
[2025-11-05 08:13:40] [INFO] Calculating delays
[2025-11-05 08:13:40] [INFO] Delay calculation complete. Processed 15 records
[2025-11-05 08:13:40] [INFO] Results saved to: /home/siri15/transport-delay-tracker/data/processed/delays_calculated_2025-11-05.csv
[2025-11-05 08:13:40] [INFO] Statistics calculated: 86.67% on-time, avg delay 3.40 min
[2025-11-05 08:13:40] [INFO] Identifying heavily delayed routes (>15 minutes)
[2025-11-05 08:13:40] [INFO] Found 2 heavily delayed vehicles
[2025-11-05 08:13:40] [INFO] ========== Delay Calculation Complete ==========
✅ Delay calculation complete

━━━━━━━━━━━━━━━━━━━━━━━━━━━━━━━━━━━━━━━━
STEP 3: Report Generation
━━━━━━━━━━━━━━━━━━━━━━━━━━━━━━━━━━━━━━━━
[2025-11-05 08:13:40] [INFO] ========== Starting Report Generation ==========
[2025-11-05 08:13:40] [INFO] Generating CSV report
[2025-11-05 08:13:40] [INFO] CSV report generated: /home/siri15/transport-delay-tracker/reports/daily/report_2025-11-05.csv
[2025-11-05 08:13:40] [INFO] Generating HTML report with charts
[2025-11-05 08:13:40] [INFO] HTML report with charts generated: /home/siri15/transport-delay-tracker/reports/daily/report_2025-11-05.html
[2025-11-05 08:13:40] [INFO] Generating PDF report...
[2025-11-05 08:13:40] [INFO] ========== Starting Report Generation ==========
/home/siri15/transport-delay-tracker/scripts/generate_pdf.sh: line 92: generate_csv_report: command not found
[2025-11-05 08:13:40] [ERROR] CSV report generation failed
[2025-11-05 08:13:40] [WARN] PDF generation failed, but CSV and HTML are available
[2025-11-05 08:13:40] [INFO] ========== Report Generation Complete ==========
✅ Report generation complete

━━━━━━━━━━━━━━━━━━━━━━━━━━━━━━━━━━━━━━━━
STEP 4: Alert Checks
━━━━━━━━━━━━━━━━━━━━━━━━━━━━━━━━━━━━━━━━
[2025-11-05 08:13:40] [INFO] ========== Starting Alert Check ==========
[2025-11-05 08:13:40] [INFO] Alert Summary:
[2025-11-05 08:13:40] [ALERT] [MAJOR] Route_101 - BUS_002 at Market Square: 17 min delay
[2025-11-05 08:13:40] [ALERT] [MAJOR] Route_101 - BUS_002 at University: 19 min delay
[2025-11-05 08:13:40] [INFO] Checking for critical delays
[2025-11-05 08:13:40] [ALERT] Found 00 critical and 2 major delays
[2025-11-05 08:13:40] [INFO] Preparing email alert for your-email@example.com
[2025-11-05 08:13:40] [WARN] mailx not installed. Email not sent. Install with: sudo apt-get install mailutils
[2025-11-05 08:13:40] [INFO] Alert would contain:
[2025-11-05 08:13:40] [INFO] Subject: 🚨 Transport Delay Alert - 2025-11-05
[2025-11-05 08:13:40] [INFO] ========== Alert Check Complete ==========
✅ Alert check complete

━━━━━━━━━━━━━━━━━━━━━━━━━━━━━━━━━━━━━━━━
STEP 5: Maintenance
━━━━━━━━━━━━━━━━━━━━━━━━━━━━━━━━━━━━━━━━
[2025-11-05 08:13:40] [INFO] Rotating logs older than 30 days
✅ Maintenance complete

[2025-11-05 08:13:40] [INFO] Pipeline execution complete!


========================================
   📊 EXECUTION SUMMARY
========================================

Generated Files:
----------------
✓ Delay data: 15 records
✓ CSV Report: /home/siri15/transport-delay-tracker/reports/daily/report_2025-11-05.csv
✓ HTML Report: /home/siri15/transport-delay-tracker/reports/daily/report_2025-11-05.html
✗ PDF Report: Not generated

Statistics:
-----------
Total Vehicles: 15
On-Time Vehicles: 13
On-Time Percentage: 86.67%
Average Delay: 3.40 minutes
Maximum Delay: 19 minutes

⚠️  Alerts: 2 heavily delayed vehicles

========================================

